sidecar-with-selector-allows-any and sidecar-with-selector-allows-any-less-hosts-different-port are not semantically equivalent.

Lost connections between removed peers and persistent peers (based on topology from config: sidecar-with-selector-allows-any) :
src_ns: [default] src_pods: [*] dst: *.newrelic.com conn: TCP 443
src_ns: [default] src_pods: [*] dst: *.wikipedia.org conn: TCP 443

Added connections between persistent peers (based on topology from config: sidecar-with-selector-allows-any-less-hosts-different-port) :
src_ns: [default] src_pods: [ratings-v1] dst: *.slack.com conn: TCP 80
src_ns: [default] src_pods: [ratings-v1] dst: api.dropboxapi.com conn: TCP 80
src_ns: [default] src_pods: [ratings-v1] dst: api.facebook.com conn: TCP 80
src_ns: [default] src_pods: [ratings-v1] dst: www.googleapis.com conn: TCP 80

Removed connections between persistent peers (based on topology from config: sidecar-with-selector-allows-any) :
src_ns: [default] src_pods: [ratings-v1] dst: *.slack.com conn: TCP 443
src_ns: [default] src_pods: [ratings-v1] dst: api.dropboxapi.com conn: TCP 443
src_ns: [default] src_pods: [ratings-v1] dst: api.facebook.com conn: TCP 443
src_ns: [default] src_pods: [ratings-v1] dst: www.googleapis.com conn: TCP 443
