- query: np_3_outbound_hep_to_wep_yaml
  configs:
  - np_3_outbound_hep_to_wep
  numerical_result: 0
  explanation:
  - rules:
    - src_ip_block:
      - 0.0.0.0/0
      dst_ns:
      - None
      dst_pods:
      - vendor.role=worker_public
      connection:
      - All connections
    - src_ip_block:
      - 0.0.0.0/0
      dst_ns:
      - kube-system
      dst_pods:
      - '*'
      connection:
      - All connections
    - src_ip_block:
      - ::/0
      dst_ns:
      - None
      dst_pods:
      - vendor.role=worker_public
      connection:
      - All connections
    - src_ip_block:
      - ::/0
      dst_ns:
      - kube-system
      dst_pods:
      - '*'
      connection:
      - All connections
    - src_ns:
      - None
      src_pods:
      - vendor.role=worker_public
      dst_ip_block:
      - 198.51.100.0/22
      connection:
      - All connections
    - src_ns:
      - None
      src_pods:
      - vendor.role=worker_public
      dst_ip_block:
      - 198.51.200.0/27
      connection:
      - All connections
    - src_ns:
      - None
      src_pods:
      - vendor.role=worker_public
      dst_ip_block:
      - 203.0.113.0/24
      connection:
      - All connections
    - src_ns:
      - None
      src_pods:
      - vendor.role=worker_public
      dst_ip_block:
      - 203.0.115.0/29
      connection:
      - All connections
    - src_ns:
      - None
      src_pods:
      - vendor.role=worker_public
      dst_ns:
      - kube-system
      dst_pods:
      - '*'
      connection:
      - All connections
    - src_ns:
      - kube-system
      src_pods:
      - '*'
      dst_ip_block:
      - 0.0.0.0/0
      connection:
      - All connections
    - src_ns:
      - kube-system
      src_pods:
      - '*'
      dst_ip_block:
      - ::/0
      connection:
      - All connections
    - src_ns:
      - kube-system
      src_pods:
      - '*'
      dst_ns:
      - None
      dst_pods:
      - vendor.role=worker_public
      connection:
      - All connections
    - src_ns:
      - kube-system
      src_pods:
      - '*'
      dst_ns:
      - kube-system
      dst_pods:
      - '*'
      connection:
      - All connections