- query: 'connectivity_map_yaml, config: np_FirstDenySubset'
  rules:
  - src_ns:
    - kube-system
    src_pods:
    - app in (helm,keepalived-watcher,vpn)
    dst_ns:
    - kube-system
    dst_pods:
    - tier=frontend
    connection:
    - Protocol: TCP

