final fw rules for query: np_4_outbound_all_namespaceSelector, config: np_4_outbound_all_namespaceSelector:
src: 0.0.0.0/0 dst_ns: [None] dst_pods: [vendor.role=worker_public] conn: All connections
src: 0.0.0.0/0 dst_ns: [kube-system] dst_pods: [*] conn: All connections
src_ns: [None] src_pods: [vendor.role=worker_public] dst: 198.51.100.0/22 conn: All connections
src_ns: [None] src_pods: [vendor.role=worker_public] dst: 198.51.200.0/27 conn: All connections
src_ns: [None] src_pods: [vendor.role=worker_public] dst: 203.0.113.0/24 conn: All connections
src_ns: [None] src_pods: [vendor.role=worker_public] dst: 203.0.115.0/29 conn: All connections
src_ns: [None] src_pods: [vendor.role=worker_public] dst_ns: [kube-system] dst_pods: [*] conn: All connections
src_ns: [kube-system] src_pods: [*] dst: 0.0.0.0/0 conn: All connections
src_ns: [kube-system] src_pods: [*] dst_ns: [None] dst_pods: [vendor.role=worker_public] conn: All connections
src_ns: [kube-system] src_pods: [*] dst_ns: [kube-system] dst_pods: [*] conn: All connections