For connections of type TCP, final fw rules for query: istio-deny-all, config: istio-deny-all:
src: 0.0.0.0/0 dst_ns: [kube-system,vendor-system] dst_pods: [*] conn: All connections
src_ns: [default,kube-system,vendor-system] src_pods: [*] dst: 0.0.0.0/0 conn: All connections
src_ns: [default,kube-system,vendor-system] src_pods: [*] dst_ns: [kube-system,vendor-system] dst_pods: [*] conn: All connections

For connections of type non-TCP, final fw rules for query: istio-deny-all, config: istio-deny-all:
src: 0.0.0.0/0 dst_ns: [default,kube-system,vendor-system] dst_pods: [*] conn: All connections
src_ns: [default,kube-system,vendor-system] src_pods: [*] dst: 0.0.0.0/0 conn: All connections
src_ns: [default,kube-system,vendor-system] src_pods: [*] dst_ns: [default,kube-system,vendor-system] dst_pods: [*] conn: All connections
