no_policy and policy are semantically equivalent.
