[
  {
    "query": "semantic_diff, config1: new2, config2: old2, key: Added connections between persistent peers",
    "rules": [
      {
        "src_ns": [
          "demo"
        ],
        "src_pods": [
          "bank-ui"
        ],
        "dst_ns": [
          "demo"
        ],
        "dst_pods": [
          "account-command"
        ],
        "connection": [
          {
            "Protocol": "TCP",
            "Ports": [
              8080
            ]
          },
          {
            "Protocol": "UDP",
            "Ports": [
              9090
            ]
          },
          {
            "Protocol": "SCTP",
            "Ports": [
              7070
            ]
          }
        ]
      }
    ]
  },
  {
    "query": "semantic_diff, config1: new2, config2: old2, key: Removed connections between persistent peers",
    "rules": [
      {
        "src_ns": [
          "demo"
        ],
        "src_pods": [
          "bank-ui"
        ],
        "dst_ns": [
          "demo"
        ],
        "dst_pods": [
          "account-command"
        ],
        "connection": [
          {
            "Protocol": "TCP",
            "Ports": [
              8082
            ]
          },
          {
            "Protocol": "UDP",
            "Ports": [
              9091
            ]
          }
        ]
      }
    ]
  }
]
