np1 and np4 are not semantically equivalent.

Added connections between persistent peers (based on topology from config: np4) :
src_ns: [default,kube-system-dummy-to-ignore,vendor-system] src_pods: [*] dst_ns: [kube-system] dst_pods: [tier=frontend] conn: All connections
src_ns: [kube-system] src_pods: [!has(tier) or tier=not_frontend_for_demo] dst_ns: [kube-system] dst_pods: [tier=frontend] conn: All connections

Removed connections between persistent peers (based on topology from config: np1) :
src_ns: [kube-system] src_pods: [tier=frontend] dst_ns: [default,kube-system-dummy-to-ignore,vendor-system] dst_pods: [*] conn: All connections
src_ns: [kube-system] src_pods: [tier=frontend] dst_ns: [kube-system] dst_pods: [!has(tier) or tier=not_frontend_for_demo] conn: All connections

Added connections between persistent peers and ipBlocks (based on topology from config: np4) :
src: 0.0.0.0/0 dst_ns: [kube-system] dst_pods: [tier=frontend] conn: All but UDP 53
src: 10.0.0.0/8,172.21.0.0/16,172.30.0.0/16 dst_ns: [kube-system] dst_pods: [tier=frontend] conn: All connections

Removed connections between persistent peers and ipBlocks (based on topology from config: np1) :
src_ns: [kube-system] src_pods: [tier=frontend] dst: 0.0.0.0-49.49.255.255,49.50.0.1,49.50.0.3,49.50.0.5,49.50.0.7,49.50.0.9,49.50.0.11,49.50.0.13,49.50.0.15,49.50.0.17-255.255.255.255 conn: All connections
