new2 and old2 are not semantically equivalent.

Added connections between persistent peers (based on topology from config: old2) :
src_ns: [demo] src_pods: [bank-ui] dst_ns: [demo] dst_pods: [account-command] conn: {protocols:TCP,dst_ports:8080},{protocols:UDP,dst_ports:9090},{protocols:SCTP,dst_ports:7070}

Removed connections between persistent peers (based on topology from config: new2) :
src_ns: [demo] src_pods: [bank-ui] dst_ns: [demo] dst_pods: [account-command] conn: {protocols:TCP,dst_ports:8082},{protocols:UDP,dst_ports:9091}
