"query","src_ns","src_pods","dst_ns","dst_pods","connection",
"connectivity_map, config: np24","","","","","",
"","[default]","[common in (M)]","[default]","[app in (skydive)]","UDP 53,",
"","[default]","[test in (C)]","[default]","[app in (skydive)]","All connections",


