- query: connectivity_map
  configs:
  - np2
  numerical_result: 0
  explanation:
  - rules:
    - src_ip_block:
      - 0.0.0.0/0
      dst_ns:
      - kube-system-new
      dst_pods:
      - '*'
      connection:
      - Protocol: TCP
        Ports:
        - 53
      - Protocol: UDP
        Ports:
        - 53
    - src_ns:
      - default
      - kube-system-new
      - kube-system-new-dummy-to-ignore
      src_pods:
      - '*'
      dst_ns:
      - kube-system-new
      dst_pods:
      - '*'
      connection:
      - Protocol: TCP
        Ports:
        - 53
      - Protocol: UDP
        Ports:
        - 53
    - src_ip_block:
      - 0.0.0.0/0
      dst_ns:
      - default
      - ibm-system-new
      - kube-system-new-dummy-to-ignore
      dst_pods:
      - '*'
      connection:
      - All connections
    - src_ns:
      - default
      - ibm-system-new
      - kube-system-new
      - kube-system-new-dummy-to-ignore
      src_pods:
      - '*'
      dst_ip_block:
      - 0.0.0.0/0
      connection:
      - All connections
    - src_ns:
      - default
      - ibm-system-new
      - kube-system-new
      - kube-system-new-dummy-to-ignore
      src_pods:
      - '*'
      dst_ns:
      - default
      - ibm-system-new
      - kube-system-new-dummy-to-ignore
      dst_pods:
      - '*'
      connection:
      - All connections
    - src_ns:
      - ibm-system-new
      src_pods:
      - '*'
      dst_ns:
      - kube-system-new
      dst_pods:
      - '*'
      connection:
      - All connections
