"query","src_ns","src_pods","src_ip_block","dst_ns","dst_pods","dst_ip_block","connection",
"connectivity_map, config: np19",
"","[dlaas,ibm-system-new]","[*]","","[kube-system-new-dummy-to-ignore]","[*]","","All connections",
"","[ibm-system-new,kube-system-new]","[*]","","[default]","[*]","","All connections",

