final fw rules for query: connectivity_map, config: np15:
src: 0.0.0.0/0 dst_ns: [ibm-system-new,kube-system-new,kube-system-new-dummy-to-ignore] dst_pods: [*] conn: All connections
src_ns: [default,ibm-system-new,kube-system-new,kube-system-new-dummy-to-ignore] src_pods: [*] dst: 0.0.0.0/0 conn: All connections
src_ns: [default,ibm-system-new,kube-system-new,kube-system-new-dummy-to-ignore] src_pods: [*] dst_ns: [ibm-system-new,kube-system-new,kube-system-new-dummy-to-ignore] dst_pods: [*] conn: All connections
src_ns: [ibm-system-new] src_pods: [ibm-cloud-provider-lb-app=keepalived] dst_ns: [default] dst_pods: [*] conn: All connections
