[
  {
    "query": "global_interferes_local_print_all_pairs_json",
    "configs": [
      "global_np",
      "local_np"
    ],
    "numerical_result": 1,
    "textual_result": "global_np interferes with local_np",
    "explanation": [
      {
        "description": "Allowed connections from local_np which are extended in global_np",
        "connections": [
          {
            "src": "default/cog-agents-d54st",
            "dst": "kube-system/calico-node-mgdlr",
            "conns_config1": "Protocol: TCP, ",
            "conns_config2": "No connections"
          },
          {
            "src": "default/cog-agents-d54st",
            "dst": "kube-system/file-plugin-7bfb8b69bf-p86gk",
            "conns_config1": "Protocol: TCP, ",
            "conns_config2": "No connections"
          },
          {
            "src": "default/cog-agents-d54st",
            "dst": "kube-system/keepalived-watcher-57ghx",
            "conns_config1": "Protocol: TCP, ",
            "conns_config2": "No connections"
          },
          {
            "src": "default/cog-agents-d54st",
            "dst": "kube-system/keepalived-watcher-gzdfm",
            "conns_config1": "Protocol: TCP, ",
            "conns_config2": "No connections"
          },
          {
            "src": "default/cog-agents-d54st",
            "dst": "kube-system/keepalived-watcher-wczq8",
            "conns_config1": "Protocol: TCP, ",
            "conns_config2": "No connections"
          },
          {
            "src": "default/cog-agents-d54st",
            "dst": "kube-system/kube-fluentd-h6rjg",
            "conns_config1": "Protocol: TCP, ",
            "conns_config2": "No connections"
          },
          {
            "src": "default/cog-agents-d54st",
            "dst": "kube-system/storage-watcher-8494b4b8bb-f8csd",
            "conns_config1": "Protocol: TCP, ",
            "conns_config2": "No connections"
          },
          {
            "src": "default/cog-agents-d54st",
            "dst": "kube-system/tiller-deploy-5c45c9966b-nqwz6",
            "conns_config1": "Protocol: TCP, ",
            "conns_config2": "No connections"
          },
          {
            "src": "default/cog-agents-d54st",
            "dst": "kube-system/vpn-858f6d9777-2bw5m",
            "conns_config1": "Protocol: TCP, ",
            "conns_config2": "No connections"
          },
          {
            "src": "default/cog-agents-js4qc",
            "dst": "kube-system/calico-node-mgdlr",
            "conns_config1": "Protocol: TCP, ",
            "conns_config2": "No connections"
          },
          {
            "src": "default/cog-agents-js4qc",
            "dst": "kube-system/file-plugin-7bfb8b69bf-p86gk",
            "conns_config1": "Protocol: TCP, ",
            "conns_config2": "No connections"
          },
          {
            "src": "default/cog-agents-js4qc",
            "dst": "kube-system/keepalived-watcher-57ghx",
            "conns_config1": "Protocol: TCP, ",
            "conns_config2": "No connections"
          },
          {
            "src": "default/cog-agents-js4qc",
            "dst": "kube-system/keepalived-watcher-gzdfm",
            "conns_config1": "Protocol: TCP, ",
            "conns_config2": "No connections"
          },
          {
            "src": "default/cog-agents-js4qc",
            "dst": "kube-system/keepalived-watcher-wczq8",
            "conns_config1": "Protocol: TCP, ",
            "conns_config2": "No connections"
          },
          {
            "src": "default/cog-agents-js4qc",
            "dst": "kube-system/kube-fluentd-h6rjg",
            "conns_config1": "Protocol: TCP, ",
            "conns_config2": "No connections"
          },
          {
            "src": "default/cog-agents-js4qc",
            "dst": "kube-system/storage-watcher-8494b4b8bb-f8csd",
            "conns_config1": "Protocol: TCP, ",
            "conns_config2": "No connections"
          },
          {
            "src": "default/cog-agents-js4qc",
            "dst": "kube-system/tiller-deploy-5c45c9966b-nqwz6",
            "conns_config1": "Protocol: TCP, ",
            "conns_config2": "No connections"
          },
          {
            "src": "default/cog-agents-js4qc",
            "dst": "kube-system/vpn-858f6d9777-2bw5m",
            "conns_config1": "Protocol: TCP, ",
            "conns_config2": "No connections"
          },
          {
            "src": "default/cog-agents-qr8gp",
            "dst": "kube-system/calico-node-mgdlr",
            "conns_config1": "Protocol: TCP, ",
            "conns_config2": "No connections"
          },
          {
            "src": "default/cog-agents-qr8gp",
            "dst": "kube-system/file-plugin-7bfb8b69bf-p86gk",
            "conns_config1": "Protocol: TCP, ",
            "conns_config2": "No connections"
          },
          {
            "src": "default/cog-agents-qr8gp",
            "dst": "kube-system/keepalived-watcher-57ghx",
            "conns_config1": "Protocol: TCP, ",
            "conns_config2": "No connections"
          },
          {
            "src": "default/cog-agents-qr8gp",
            "dst": "kube-system/keepalived-watcher-gzdfm",
            "conns_config1": "Protocol: TCP, ",
            "conns_config2": "No connections"
          },
          {
            "src": "default/cog-agents-qr8gp",
            "dst": "kube-system/keepalived-watcher-wczq8",
            "conns_config1": "Protocol: TCP, ",
            "conns_config2": "No connections"
          },
          {
            "src": "default/cog-agents-qr8gp",
            "dst": "kube-system/kube-fluentd-h6rjg",
            "conns_config1": "Protocol: TCP, ",
            "conns_config2": "No connections"
          },
          {
            "src": "default/cog-agents-qr8gp",
            "dst": "kube-system/storage-watcher-8494b4b8bb-f8csd",
            "conns_config1": "Protocol: TCP, ",
            "conns_config2": "No connections"
          },
          {
            "src": "default/cog-agents-qr8gp",
            "dst": "kube-system/tiller-deploy-5c45c9966b-nqwz6",
            "conns_config1": "Protocol: TCP, ",
            "conns_config2": "No connections"
          },
          {
            "src": "default/cog-agents-qr8gp",
            "dst": "kube-system/vpn-858f6d9777-2bw5m",
            "conns_config1": "Protocol: TCP, ",
            "conns_config2": "No connections"
          },
          {
            "src": "default/cog-local-analyzer-7d77fb55cc-bs8rc",
            "dst": "kube-system/calico-node-mgdlr",
            "conns_config1": "Protocol: TCP, ",
            "conns_config2": "No connections"
          },
          {
            "src": "default/cog-local-analyzer-7d77fb55cc-bs8rc",
            "dst": "kube-system/file-plugin-7bfb8b69bf-p86gk",
            "conns_config1": "Protocol: TCP, ",
            "conns_config2": "No connections"
          },
          {
            "src": "default/cog-local-analyzer-7d77fb55cc-bs8rc",
            "dst": "kube-system/keepalived-watcher-57ghx",
            "conns_config1": "Protocol: TCP, ",
            "conns_config2": "No connections"
          },
          {
            "src": "default/cog-local-analyzer-7d77fb55cc-bs8rc",
            "dst": "kube-system/keepalived-watcher-gzdfm",
            "conns_config1": "Protocol: TCP, ",
            "conns_config2": "No connections"
          },
          {
            "src": "default/cog-local-analyzer-7d77fb55cc-bs8rc",
            "dst": "kube-system/keepalived-watcher-wczq8",
            "conns_config1": "Protocol: TCP, ",
            "conns_config2": "No connections"
          },
          {
            "src": "default/cog-local-analyzer-7d77fb55cc-bs8rc",
            "dst": "kube-system/kube-fluentd-h6rjg",
            "conns_config1": "Protocol: TCP, ",
            "conns_config2": "No connections"
          },
          {
            "src": "default/cog-local-analyzer-7d77fb55cc-bs8rc",
            "dst": "kube-system/storage-watcher-8494b4b8bb-f8csd",
            "conns_config1": "Protocol: TCP, ",
            "conns_config2": "No connections"
          },
          {
            "src": "default/cog-local-analyzer-7d77fb55cc-bs8rc",
            "dst": "kube-system/tiller-deploy-5c45c9966b-nqwz6",
            "conns_config1": "Protocol: TCP, ",
            "conns_config2": "No connections"
          },
          {
            "src": "default/cog-local-analyzer-7d77fb55cc-bs8rc",
            "dst": "kube-system/vpn-858f6d9777-2bw5m",
            "conns_config1": "Protocol: TCP, ",
            "conns_config2": "No connections"
          },
          {
            "src": "kube-system/calico-node-mgdlr",
            "dst": "default/cog-agents-d54st",
            "conns_config1": "All connections",
            "conns_config2": "No connections"
          },
          {
            "src": "kube-system/calico-node-mgdlr",
            "dst": "default/cog-agents-js4qc",
            "conns_config1": "All connections",
            "conns_config2": "No connections"
          },
          {
            "src": "kube-system/calico-node-mgdlr",
            "dst": "default/cog-agents-qr8gp",
            "conns_config1": "All connections",
            "conns_config2": "No connections"
          },
          {
            "src": "kube-system/calico-node-mgdlr",
            "dst": "default/cog-local-analyzer-7d77fb55cc-bs8rc",
            "conns_config1": "All connections",
            "conns_config2": "No connections"
          },
          {
            "src": "kube-system/file-plugin-7bfb8b69bf-p86gk",
            "dst": "default/cog-agents-d54st",
            "conns_config1": "All connections",
            "conns_config2": "No connections"
          },
          {
            "src": "kube-system/file-plugin-7bfb8b69bf-p86gk",
            "dst": "default/cog-agents-js4qc",
            "conns_config1": "All connections",
            "conns_config2": "No connections"
          },
          {
            "src": "kube-system/file-plugin-7bfb8b69bf-p86gk",
            "dst": "default/cog-agents-qr8gp",
            "conns_config1": "All connections",
            "conns_config2": "No connections"
          },
          {
            "src": "kube-system/file-plugin-7bfb8b69bf-p86gk",
            "dst": "default/cog-local-analyzer-7d77fb55cc-bs8rc",
            "conns_config1": "All connections",
            "conns_config2": "No connections"
          },
          {
            "src": "kube-system/keepalived-watcher-57ghx",
            "dst": "default/cog-agents-d54st",
            "conns_config1": "All connections",
            "conns_config2": "No connections"
          },
          {
            "src": "kube-system/keepalived-watcher-57ghx",
            "dst": "default/cog-agents-js4qc",
            "conns_config1": "All connections",
            "conns_config2": "No connections"
          },
          {
            "src": "kube-system/keepalived-watcher-57ghx",
            "dst": "default/cog-agents-qr8gp",
            "conns_config1": "All connections",
            "conns_config2": "No connections"
          },
          {
            "src": "kube-system/keepalived-watcher-57ghx",
            "dst": "default/cog-local-analyzer-7d77fb55cc-bs8rc",
            "conns_config1": "All connections",
            "conns_config2": "No connections"
          },
          {
            "src": "kube-system/keepalived-watcher-gzdfm",
            "dst": "default/cog-agents-d54st",
            "conns_config1": "All connections",
            "conns_config2": "No connections"
          },
          {
            "src": "kube-system/keepalived-watcher-gzdfm",
            "dst": "default/cog-agents-js4qc",
            "conns_config1": "All connections",
            "conns_config2": "No connections"
          },
          {
            "src": "kube-system/keepalived-watcher-gzdfm",
            "dst": "default/cog-agents-qr8gp",
            "conns_config1": "All connections",
            "conns_config2": "No connections"
          },
          {
            "src": "kube-system/keepalived-watcher-gzdfm",
            "dst": "default/cog-local-analyzer-7d77fb55cc-bs8rc",
            "conns_config1": "All connections",
            "conns_config2": "No connections"
          },
          {
            "src": "kube-system/keepalived-watcher-wczq8",
            "dst": "default/cog-agents-d54st",
            "conns_config1": "All connections",
            "conns_config2": "No connections"
          },
          {
            "src": "kube-system/keepalived-watcher-wczq8",
            "dst": "default/cog-agents-js4qc",
            "conns_config1": "All connections",
            "conns_config2": "No connections"
          },
          {
            "src": "kube-system/keepalived-watcher-wczq8",
            "dst": "default/cog-agents-qr8gp",
            "conns_config1": "All connections",
            "conns_config2": "No connections"
          },
          {
            "src": "kube-system/keepalived-watcher-wczq8",
            "dst": "default/cog-local-analyzer-7d77fb55cc-bs8rc",
            "conns_config1": "All connections",
            "conns_config2": "No connections"
          },
          {
            "src": "kube-system/kube-fluentd-h6rjg",
            "dst": "default/cog-agents-d54st",
            "conns_config1": "All connections",
            "conns_config2": "No connections"
          },
          {
            "src": "kube-system/kube-fluentd-h6rjg",
            "dst": "default/cog-agents-js4qc",
            "conns_config1": "All connections",
            "conns_config2": "No connections"
          },
          {
            "src": "kube-system/kube-fluentd-h6rjg",
            "dst": "default/cog-agents-qr8gp",
            "conns_config1": "All connections",
            "conns_config2": "No connections"
          },
          {
            "src": "kube-system/kube-fluentd-h6rjg",
            "dst": "default/cog-local-analyzer-7d77fb55cc-bs8rc",
            "conns_config1": "All connections",
            "conns_config2": "No connections"
          },
          {
            "src": "kube-system/storage-watcher-8494b4b8bb-f8csd",
            "dst": "default/cog-agents-d54st",
            "conns_config1": "All connections",
            "conns_config2": "No connections"
          },
          {
            "src": "kube-system/storage-watcher-8494b4b8bb-f8csd",
            "dst": "default/cog-agents-js4qc",
            "conns_config1": "All connections",
            "conns_config2": "No connections"
          },
          {
            "src": "kube-system/storage-watcher-8494b4b8bb-f8csd",
            "dst": "default/cog-agents-qr8gp",
            "conns_config1": "All connections",
            "conns_config2": "No connections"
          },
          {
            "src": "kube-system/storage-watcher-8494b4b8bb-f8csd",
            "dst": "default/cog-local-analyzer-7d77fb55cc-bs8rc",
            "conns_config1": "All connections",
            "conns_config2": "No connections"
          },
          {
            "src": "kube-system/tiller-deploy-5c45c9966b-nqwz6",
            "dst": "default/cog-agents-d54st",
            "conns_config1": "All connections",
            "conns_config2": "No connections"
          },
          {
            "src": "kube-system/tiller-deploy-5c45c9966b-nqwz6",
            "dst": "default/cog-agents-js4qc",
            "conns_config1": "All connections",
            "conns_config2": "No connections"
          },
          {
            "src": "kube-system/tiller-deploy-5c45c9966b-nqwz6",
            "dst": "default/cog-agents-qr8gp",
            "conns_config1": "All connections",
            "conns_config2": "No connections"
          },
          {
            "src": "kube-system/tiller-deploy-5c45c9966b-nqwz6",
            "dst": "default/cog-local-analyzer-7d77fb55cc-bs8rc",
            "conns_config1": "All connections",
            "conns_config2": "No connections"
          },
          {
            "src": "kube-system/vpn-858f6d9777-2bw5m",
            "dst": "default/cog-agents-d54st",
            "conns_config1": "All connections",
            "conns_config2": "No connections"
          },
          {
            "src": "kube-system/vpn-858f6d9777-2bw5m",
            "dst": "default/cog-agents-js4qc",
            "conns_config1": "All connections",
            "conns_config2": "No connections"
          },
          {
            "src": "kube-system/vpn-858f6d9777-2bw5m",
            "dst": "default/cog-agents-qr8gp",
            "conns_config1": "All connections",
            "conns_config2": "No connections"
          },
          {
            "src": "kube-system/vpn-858f6d9777-2bw5m",
            "dst": "default/cog-local-analyzer-7d77fb55cc-bs8rc",
            "conns_config1": "All connections",
            "conns_config2": "No connections"
          }
        ]
      }
    ]
  }
]