Network configuration np_globalAllowAll is vacuous - it allows all default connections