NetworkPolicy kube-system/allow-ingress-app-notin-predefined is not equivalent in nt_notin and in nt_notinwithexists
Connections allowed in nt_notin/kube-system/allow-ingress-app-notin-predefined which are different in nt_notinwithexists/kube-system/allow-ingress-app-notin-predefined:
src: kube-system/calico-node-mgdlr, dst: kube-system/calico-node-ns8kw, description: nt_notin/kube-system/allow-ingress-app-notin-predefined allows all connections while nt_notinwithexists/kube-system/allow-ingress-app-notin-predefined does not.
src: kube-system/calico-node-mgdlr, dst: kube-system/calico-node-ptdgj, description: nt_notin/kube-system/allow-ingress-app-notin-predefined allows all connections while nt_notinwithexists/kube-system/allow-ingress-app-notin-predefined does not.
src: kube-system/calico-node-mgdlr, dst: kube-system/file-plugin-7bfb8b69bf-p86gk, description: nt_notin/kube-system/allow-ingress-app-notin-predefined allows all connections while nt_notinwithexists/kube-system/allow-ingress-app-notin-predefined does not.
src: kube-system/calico-node-mgdlr, dst: kube-system/heapster-7df8cb8c66-zxkk2, description: nt_notin/kube-system/allow-ingress-app-notin-predefined allows all connections while nt_notinwithexists/kube-system/allow-ingress-app-notin-predefined does not.
src: kube-system/calico-node-mgdlr, dst: kube-system/keepalived-watcher-57ghx, description: nt_notin/kube-system/allow-ingress-app-notin-predefined allows all connections while nt_notinwithexists/kube-system/allow-ingress-app-notin-predefined does not.
src: kube-system/calico-node-mgdlr, dst: kube-system/keepalived-watcher-gzdfm, description: nt_notin/kube-system/allow-ingress-app-notin-predefined allows all connections while nt_notinwithexists/kube-system/allow-ingress-app-notin-predefined does not.
src: kube-system/calico-node-mgdlr, dst: kube-system/keepalived-watcher-wczq8, description: nt_notin/kube-system/allow-ingress-app-notin-predefined allows all connections while nt_notinwithexists/kube-system/allow-ingress-app-notin-predefined does not.
src: kube-system/calico-node-mgdlr, dst: kube-system/kube-fluentd-2qw2g, description: nt_notin/kube-system/allow-ingress-app-notin-predefined allows all connections while nt_notinwithexists/kube-system/allow-ingress-app-notin-predefined does not.
src: kube-system/calico-node-mgdlr, dst: kube-system/kube-fluentd-h6rjg, description: nt_notin/kube-system/allow-ingress-app-notin-predefined allows all connections while nt_notinwithexists/kube-system/allow-ingress-app-notin-predefined does not.
src: kube-system/calico-node-mgdlr, dst: kube-system/kube-fluentd-qmp4w, description: nt_notin/kube-system/allow-ingress-app-notin-predefined allows all connections while nt_notinwithexists/kube-system/allow-ingress-app-notin-predefined does not.
src: kube-system/calico-node-mgdlr, dst: kube-system/storage-watcher-8494b4b8bb-f8csd, description: nt_notin/kube-system/allow-ingress-app-notin-predefined allows all connections while nt_notinwithexists/kube-system/allow-ingress-app-notin-predefined does not.
src: kube-system/calico-node-mgdlr, dst: kube-system/tiller-deploy-5c45c9966b-nqwz6, description: nt_notin/kube-system/allow-ingress-app-notin-predefined allows all connections while nt_notinwithexists/kube-system/allow-ingress-app-notin-predefined does not.
src: kube-system/calico-node-mgdlr, dst: kube-system/vpn-858f6d9777-2bw5m, description: nt_notin/kube-system/allow-ingress-app-notin-predefined allows all connections while nt_notinwithexists/kube-system/allow-ingress-app-notin-predefined does not.
src: kube-system/calico-node-ns8kw, dst: kube-system/calico-node-mgdlr, description: nt_notin/kube-system/allow-ingress-app-notin-predefined allows all connections while nt_notinwithexists/kube-system/allow-ingress-app-notin-predefined does not.
src: kube-system/calico-node-ns8kw, dst: kube-system/calico-node-ptdgj, description: nt_notin/kube-system/allow-ingress-app-notin-predefined allows all connections while nt_notinwithexists/kube-system/allow-ingress-app-notin-predefined does not.
src: kube-system/calico-node-ns8kw, dst: kube-system/file-plugin-7bfb8b69bf-p86gk, description: nt_notin/kube-system/allow-ingress-app-notin-predefined allows all connections while nt_notinwithexists/kube-system/allow-ingress-app-notin-predefined does not.
src: kube-system/calico-node-ns8kw, dst: kube-system/heapster-7df8cb8c66-zxkk2, description: nt_notin/kube-system/allow-ingress-app-notin-predefined allows all connections while nt_notinwithexists/kube-system/allow-ingress-app-notin-predefined does not.
src: kube-system/calico-node-ns8kw, dst: kube-system/keepalived-watcher-57ghx, description: nt_notin/kube-system/allow-ingress-app-notin-predefined allows all connections while nt_notinwithexists/kube-system/allow-ingress-app-notin-predefined does not.
src: kube-system/calico-node-ns8kw, dst: kube-system/keepalived-watcher-gzdfm, description: nt_notin/kube-system/allow-ingress-app-notin-predefined allows all connections while nt_notinwithexists/kube-system/allow-ingress-app-notin-predefined does not.
src: kube-system/calico-node-ns8kw, dst: kube-system/keepalived-watcher-wczq8, description: nt_notin/kube-system/allow-ingress-app-notin-predefined allows all connections while nt_notinwithexists/kube-system/allow-ingress-app-notin-predefined does not.
src: kube-system/calico-node-ns8kw, dst: kube-system/kube-fluentd-2qw2g, description: nt_notin/kube-system/allow-ingress-app-notin-predefined allows all connections while nt_notinwithexists/kube-system/allow-ingress-app-notin-predefined does not.
src: kube-system/calico-node-ns8kw, dst: kube-system/kube-fluentd-h6rjg, description: nt_notin/kube-system/allow-ingress-app-notin-predefined allows all connections while nt_notinwithexists/kube-system/allow-ingress-app-notin-predefined does not.
src: kube-system/calico-node-ns8kw, dst: kube-system/kube-fluentd-qmp4w, description: nt_notin/kube-system/allow-ingress-app-notin-predefined allows all connections while nt_notinwithexists/kube-system/allow-ingress-app-notin-predefined does not.
src: kube-system/calico-node-ns8kw, dst: kube-system/storage-watcher-8494b4b8bb-f8csd, description: nt_notin/kube-system/allow-ingress-app-notin-predefined allows all connections while nt_notinwithexists/kube-system/allow-ingress-app-notin-predefined does not.
src: kube-system/calico-node-ns8kw, dst: kube-system/tiller-deploy-5c45c9966b-nqwz6, description: nt_notin/kube-system/allow-ingress-app-notin-predefined allows all connections while nt_notinwithexists/kube-system/allow-ingress-app-notin-predefined does not.
src: kube-system/calico-node-ns8kw, dst: kube-system/vpn-858f6d9777-2bw5m, description: nt_notin/kube-system/allow-ingress-app-notin-predefined allows all connections while nt_notinwithexists/kube-system/allow-ingress-app-notin-predefined does not.
src: kube-system/calico-node-ptdgj, dst: kube-system/calico-node-mgdlr, description: nt_notin/kube-system/allow-ingress-app-notin-predefined allows all connections while nt_notinwithexists/kube-system/allow-ingress-app-notin-predefined does not.
src: kube-system/calico-node-ptdgj, dst: kube-system/calico-node-ns8kw, description: nt_notin/kube-system/allow-ingress-app-notin-predefined allows all connections while nt_notinwithexists/kube-system/allow-ingress-app-notin-predefined does not.
src: kube-system/calico-node-ptdgj, dst: kube-system/file-plugin-7bfb8b69bf-p86gk, description: nt_notin/kube-system/allow-ingress-app-notin-predefined allows all connections while nt_notinwithexists/kube-system/allow-ingress-app-notin-predefined does not.
src: kube-system/calico-node-ptdgj, dst: kube-system/heapster-7df8cb8c66-zxkk2, description: nt_notin/kube-system/allow-ingress-app-notin-predefined allows all connections while nt_notinwithexists/kube-system/allow-ingress-app-notin-predefined does not.
src: kube-system/calico-node-ptdgj, dst: kube-system/keepalived-watcher-57ghx, description: nt_notin/kube-system/allow-ingress-app-notin-predefined allows all connections while nt_notinwithexists/kube-system/allow-ingress-app-notin-predefined does not.
src: kube-system/calico-node-ptdgj, dst: kube-system/keepalived-watcher-gzdfm, description: nt_notin/kube-system/allow-ingress-app-notin-predefined allows all connections while nt_notinwithexists/kube-system/allow-ingress-app-notin-predefined does not.
src: kube-system/calico-node-ptdgj, dst: kube-system/keepalived-watcher-wczq8, description: nt_notin/kube-system/allow-ingress-app-notin-predefined allows all connections while nt_notinwithexists/kube-system/allow-ingress-app-notin-predefined does not.
src: kube-system/calico-node-ptdgj, dst: kube-system/kube-fluentd-2qw2g, description: nt_notin/kube-system/allow-ingress-app-notin-predefined allows all connections while nt_notinwithexists/kube-system/allow-ingress-app-notin-predefined does not.
src: kube-system/calico-node-ptdgj, dst: kube-system/kube-fluentd-h6rjg, description: nt_notin/kube-system/allow-ingress-app-notin-predefined allows all connections while nt_notinwithexists/kube-system/allow-ingress-app-notin-predefined does not.
src: kube-system/calico-node-ptdgj, dst: kube-system/kube-fluentd-qmp4w, description: nt_notin/kube-system/allow-ingress-app-notin-predefined allows all connections while nt_notinwithexists/kube-system/allow-ingress-app-notin-predefined does not.
src: kube-system/calico-node-ptdgj, dst: kube-system/storage-watcher-8494b4b8bb-f8csd, description: nt_notin/kube-system/allow-ingress-app-notin-predefined allows all connections while nt_notinwithexists/kube-system/allow-ingress-app-notin-predefined does not.
src: kube-system/calico-node-ptdgj, dst: kube-system/tiller-deploy-5c45c9966b-nqwz6, description: nt_notin/kube-system/allow-ingress-app-notin-predefined allows all connections while nt_notinwithexists/kube-system/allow-ingress-app-notin-predefined does not.
src: kube-system/calico-node-ptdgj, dst: kube-system/vpn-858f6d9777-2bw5m, description: nt_notin/kube-system/allow-ingress-app-notin-predefined allows all connections while nt_notinwithexists/kube-system/allow-ingress-app-notin-predefined does not.
src: kube-system/heapster-7df8cb8c66-zxkk2, dst: kube-system/calico-node-mgdlr, description: nt_notin/kube-system/allow-ingress-app-notin-predefined allows all connections while nt_notinwithexists/kube-system/allow-ingress-app-notin-predefined does not.
src: kube-system/heapster-7df8cb8c66-zxkk2, dst: kube-system/calico-node-ns8kw, description: nt_notin/kube-system/allow-ingress-app-notin-predefined allows all connections while nt_notinwithexists/kube-system/allow-ingress-app-notin-predefined does not.
src: kube-system/heapster-7df8cb8c66-zxkk2, dst: kube-system/calico-node-ptdgj, description: nt_notin/kube-system/allow-ingress-app-notin-predefined allows all connections while nt_notinwithexists/kube-system/allow-ingress-app-notin-predefined does not.
src: kube-system/heapster-7df8cb8c66-zxkk2, dst: kube-system/file-plugin-7bfb8b69bf-p86gk, description: nt_notin/kube-system/allow-ingress-app-notin-predefined allows all connections while nt_notinwithexists/kube-system/allow-ingress-app-notin-predefined does not.
src: kube-system/heapster-7df8cb8c66-zxkk2, dst: kube-system/keepalived-watcher-57ghx, description: nt_notin/kube-system/allow-ingress-app-notin-predefined allows all connections while nt_notinwithexists/kube-system/allow-ingress-app-notin-predefined does not.
src: kube-system/heapster-7df8cb8c66-zxkk2, dst: kube-system/keepalived-watcher-gzdfm, description: nt_notin/kube-system/allow-ingress-app-notin-predefined allows all connections while nt_notinwithexists/kube-system/allow-ingress-app-notin-predefined does not.
src: kube-system/heapster-7df8cb8c66-zxkk2, dst: kube-system/keepalived-watcher-wczq8, description: nt_notin/kube-system/allow-ingress-app-notin-predefined allows all connections while nt_notinwithexists/kube-system/allow-ingress-app-notin-predefined does not.
src: kube-system/heapster-7df8cb8c66-zxkk2, dst: kube-system/kube-fluentd-2qw2g, description: nt_notin/kube-system/allow-ingress-app-notin-predefined allows all connections while nt_notinwithexists/kube-system/allow-ingress-app-notin-predefined does not.
src: kube-system/heapster-7df8cb8c66-zxkk2, dst: kube-system/kube-fluentd-h6rjg, description: nt_notin/kube-system/allow-ingress-app-notin-predefined allows all connections while nt_notinwithexists/kube-system/allow-ingress-app-notin-predefined does not.
src: kube-system/heapster-7df8cb8c66-zxkk2, dst: kube-system/kube-fluentd-qmp4w, description: nt_notin/kube-system/allow-ingress-app-notin-predefined allows all connections while nt_notinwithexists/kube-system/allow-ingress-app-notin-predefined does not.
src: kube-system/heapster-7df8cb8c66-zxkk2, dst: kube-system/storage-watcher-8494b4b8bb-f8csd, description: nt_notin/kube-system/allow-ingress-app-notin-predefined allows all connections while nt_notinwithexists/kube-system/allow-ingress-app-notin-predefined does not.
src: kube-system/heapster-7df8cb8c66-zxkk2, dst: kube-system/tiller-deploy-5c45c9966b-nqwz6, description: nt_notin/kube-system/allow-ingress-app-notin-predefined allows all connections while nt_notinwithexists/kube-system/allow-ingress-app-notin-predefined does not.
src: kube-system/heapster-7df8cb8c66-zxkk2, dst: kube-system/vpn-858f6d9777-2bw5m, description: nt_notin/kube-system/allow-ingress-app-notin-predefined allows all connections while nt_notinwithexists/kube-system/allow-ingress-app-notin-predefined does not.
