[
  {
    "query": "permits_partly_default_impl_default_spec_print_all_pairs_json",
    "configs": [
      "np-within-default",
      "np-partly-within-default"
    ],
    "numerical_result": 1,
    "textual_result": "np-partly-within-default does not permit connections specified in np-within-default",
    "explanation": [
      {
        "description": "Connections allowed in np-within-default which are not a subset of those in np-partly-within-default",
        "connections": [
          {
            "src": "default/cog-agents-d54st",
            "dst": "default/cog-agents-qr8gp",
            "conn": "All connections"
          },
          {
            "src": "default/cog-agents-d54st",
            "dst": "default/cog-local-analyzer-7d77fb55cc-bs8rc",
            "conn": "All connections"
          },
          {
            "src": "default/cog-agents-js4qc",
            "dst": "default/cog-agents-qr8gp",
            "conn": "All connections"
          },
          {
            "src": "default/cog-agents-js4qc",
            "dst": "default/cog-local-analyzer-7d77fb55cc-bs8rc",
            "conn": "All connections"
          },
          {
            "src": "default/cog-agents-qr8gp",
            "dst": "default/cog-agents-d54st",
            "conn": "All connections"
          },
          {
            "src": "default/cog-agents-qr8gp",
            "dst": "default/cog-agents-js4qc",
            "conn": "All connections"
          },
          {
            "src": "default/cog-agents-qr8gp",
            "dst": "default/cog-local-analyzer-7d77fb55cc-bs8rc",
            "conn": "All connections"
          },
          {
            "src": "default/cog-local-analyzer-7d77fb55cc-bs8rc",
            "dst": "default/cog-agents-d54st",
            "conn": "All connections"
          },
          {
            "src": "default/cog-local-analyzer-7d77fb55cc-bs8rc",
            "dst": "default/cog-agents-js4qc",
            "conn": "All connections"
          },
          {
            "src": "default/cog-local-analyzer-7d77fb55cc-bs8rc",
            "dst": "default/cog-agents-qr8gp",
            "conn": "All connections"
          }
        ]
      }
    ]
  }
]