np-within-default permits all connections specified in np-within-kube-system